// Jest Snapshot v1, https://goo.gl/fbAQLP

exports[`LazyLoad 1`] = `
<View>
  <View />
</View>
`;
