// Jest Snapshot v1, https://goo.gl/fbAQLP

exports[`Checkbox Checkbox Render 1`] = `
<View
  accessibilityLiveRegion="polite"
  accessibilityRole="checkbox"
  accessibilityState={
    Object {
      "checked": false,
      "disabled": false,
    }
  }
  accessible={true}
  focusable={true}
  onClick={[Function]}
  onResponderGrant={[Function]}
  onResponderMove={[Function]}
  onResponderRelease={[Function]}
  onResponderTerminate={[Function]}
  onResponderTerminationRequest={[Function]}
  onStartShouldSetResponder={[Function]}
  style={
    Array [
      Object {
        "overflow": "hidden",
      },
      Object {
        "borderRadius": 18,
        "height": 36,
        "padding": 6,
        "width": 36,
      },
    ]
  }
>
  <View
    collapsable={false}
    style={
      Object {
        "transform": Array [
          Object {
            "scale": 1,
          },
        ],
      }
    }
  >
    <Text
      accessibilityElementsHidden={true}
      allowFontScaling={false}
      importantForAccessibility="no-hide-descendants"
      pointerEvents="none"
      selectable={false}
      style={
        Array [
          Object {
            "color": "#444",
            "fontSize": 24,
          },
          Array [
            Object {
              "lineHeight": 24,
              "transform": Array [
                Object {
                  "scaleX": 1,
                },
              ],
            },
            Object {
              "backgroundColor": "transparent",
            },
          ],
          Object {
            "fontFamily": "Material Design Icons",
            "fontStyle": "normal",
            "fontWeight": "normal",
          },
          Object {},
        ]
      }
    >
      ó°„±
    </Text>
    <View
      style={
        Array [
          Object {
            "bottom": 0,
            "left": 0,
            "position": "absolute",
            "right": 0,
            "top": 0,
          },
          Object {
            "alignItems": "center",
            "justifyContent": "center",
          },
        ]
      }
    >
      <View
        collapsable={false}
        style={
          Object {
            "borderColor": "#444",
            "borderWidth": 0,
            "height": 14,
            "width": 14,
          }
        }
      />
    </View>
  </View>
</View>
`;
